ovf.p:8: stack overflow
pc=0x4, sp=0x400006c, fp=0x4000068
